// Jest Snapshot v1, https://goo.gl/fbAQLP

exports[`RosterCard should match the snapshot 1`] = `
<section
  className="roster-card"
>
  <p
    className="roster__p--name"
  >
    Vito Burrito
  </p>
  <p
    className="roster__p--number"
  />
  <p
    className="roster__p--pname"
  />
  <Link
    to="/player"
  >
    <button
      className="player__button"
      onMouseEnter={[Function]}
    >
      ShowPlayer
    </button>
  </Link>
</section>
`;
